[mahisazzad.github.io/Legal-help-ofline/index.html]
[backblue.gif]
[fade.gif]
[index.html]
[mahisazzad.github.io/Legal-help-ofline/styles.css]
[mahisazzad.github.io/Legal-help-ofline/dhaka.html]
[mahisazzad.github.io/Legal-help-ofline/chittagong.html]
[mahisazzad.github.io/Legal-help-ofline/rajshahi.html]
[mahisazzad.github.io/Legal-help-ofline/khulna.html]
[mahisazzad.github.io/Legal-help-ofline/uni.html]
[mahisazzad.github.io/Legal-help-ofline/others.html]
[mahisazzad.github.io/Legal-help-ofline/thana-dhaka.html]
[mahisazzad.github.io/Legal-help-ofline/thana-chittagong.html]
[mahisazzad.github.io/Legal-help-ofline/thana-rajshahi.html]
[mahisazzad.github.io/Legal-help-ofline/thana-khulna.html]
[mahisazzad.github.io/Legal-help-ofline/gallery.html]
[mahisazzad.github.io/service-worker.js]
[mahisazzad.github.io/Legal-help-ofline/index.html]
[mahisazzad.github.io/Legal-help-ofline/styles.css]
[mahisazzad.github.io/Legal-help-ofline/index-2.html]
[mahisazzad.github.io/Legal-help-ofline/dhaka.html]
[mahisazzad.github.io/Legal-help-ofline/chittagong.html]
[mahisazzad.github.io/Legal-help-ofline/rajshahi.html]
[mahisazzad.github.io/Legal-help-ofline/khulna.html]
[mahisazzad.github.io/Legal-help-ofline/uni.html]
[mahisazzad.github.io/Legal-help-ofline/others.html]
[mahisazzad.github.io/Legal-help-ofline/thana.html]
[mahisazzad.github.io/Legal-help-ofline/thana-dhaka.html]
[mahisazzad.github.io/Legal-help-ofline/thana-chittagong.html]
[mahisazzad.github.io/Legal-help-ofline/thana-rajshahi.html]
[mahisazzad.github.io/Legal-help-ofline/thana-khulna.html]
[mahisazzad.github.io/Legal-help-ofline/images/hero1.jpg]
[mahisazzad.github.io/Legal-help-ofline/images/hero2.jpg]
[mahisazzad.github.io/Legal-help-ofline/images/hero3.jpg]
[mahisazzad.github.io/Legal-help-ofline/gallery.html]
[mahisazzad.github.io/service-worker.html]
[mahisazzad.github.io/Legal-help-ofline/index-2.html]
[mahisazzad.github.io/Legal-help-ofline/thana.html]
